[dejariley.com/index.html]
[backblue.gif]
[fade.gif]
[index.html]
[static.showit.co/200/OeZgeZUqSB6EartPkTvMdg/156937/standard.png]
[cdnjs.cloudflare.com/ajax/libs/animate.css/3.4.0/animate.min.css]
[ajax.googleapis.com/ajax/libs/jquery/3.5.1/jquery.min.js]
[lib.showit.co/engine/1.4.26/showit-lib.min.js]
[lib.showit.co/engine/1.4.26/showit.css]
[lib.showit.co/engine/1.4.26/showit.min.js]
[dejariley.com/contact.html]
[dejariley.com/press.html]
[static.showit.co/400/MmdFRfvwSoao1ZVwR2lunA/156937/standard.png]
[dejariley.com/do-it-with-deja.html]
[dejariley.com/about.html]
[dejariley.com/do-it-like-deja]
[static.showit.co/800/xiDWTc40TBmuBJNV0GnZCQ/156937/dejawebsite-0877.jpg]
[static.showit.co/800/6kgJpMtvR0OAypYmiRzj6Q/156937/dejawebsite-0544.jpg]
[static.showit.co/400/pe8GHuD6SiORMmAZERDKMA/156937/essence.png]
[static.showit.co/400/U0_DzZRIQeiOEpWnanplnA/156937/popsugar.png]
[static.showit.co/400/uykvDozGRpqVBI4d6TyiUw/156937/refinery29.png]
[static.showit.co/400/eWPcJmeARJabIDVzYBaZpg/156937/lululemon.png]
[static.showit.co/400/Eev2Teg-SX2MbQMgOkHifA/156937/self.png]
[static.showit.co/800/nflSXNiYSRyqFvLpi-ZVBg/156937/22chargefeel_train_mid_highyell_01816_r.jpg]
[static.showit.co/800/nRUQDFa6Qy2uxnwGXo5_5g/156937/2021_bts_mirror_deja_tc_5004520_r.jpg]
[static.showit.co/800/ZUNquJJiRA-y-GkwGDBmwg/156937/2021_bts_mirror_deja_tc_5005546_r.jpg]
[static.showit.co/800/1gMOOPBRS3OVdV1bvTYjZg/156937/dejawebsite-0006.jpg]
[static.showit.co/800/s2vDdXpfSKO-xFEz72sjtw/156937/dejawebsite-0089.jpg]
[static.showit.co/800/La5RfFzlRhm7_NPkN0W0DQ/156937/fullres-dejariley-0675.jpg]
[static.showit.co/800/v4C6hck6SMerpi-1iyS3wQ/156937/fullres-dejariley-0584.jpg]
[static.showit.co/800/90FSLizqRt2nLU6EXqrrKQ/156937/dejawebsite-0289.jpg]
[static.showit.co/800/8zVkzU3fQ9uXhDguvI_S9g/156937/fullres-dejariley-610-0003.jpg]
[static.showit.co/1200/ZM3-Pof1Smiq1MJUnQvywg/156937/pattern.png]
[static.showit.co/1200/Yfx8FiysTjiyv881ypxucQ/156937/action_edit_1.png]
[static.showit.co/200/SIenD3nER3exmkdzsVArbg/156937/white.png]
[dejariley.com/index.html]
[cdnjs.cloudflare.com/ajax/libs/animate.css/3.4.0/animate.min.css]
[lib.showit.co/engine/1.4.26/showit.css]
[static.showit.co/800/jJ1TNy2KTFusunyuQ4xjDQ/156937/fullres-dejariley-0693.jpg]
[dejariley.com/contact.html]
[lib.showit.co/widgets/sliding-gallery/2.0.3/gallery.js]
[static.showit.co/400/8UrxNLqITDCLITJDMs3kvQ/156937/bloomberg.png]
[static.showit.co/200/5MeWO--KSayUIBGVL_wFRA/156937/forbes_logo_black.png]
[static.showit.co/400/_YknKjXLQLG2PfdvD13WCg/156937/instyle.png]
[static.showit.co/400/mncEasJgRQaSxZXUtXVKZg/156937/the_grio.png]
[static.showit.co/1600/6kgJpMtvR0OAypYmiRzj6Q/156937/dejawebsite-0544.jpg]
[static.showit.co/1600/XAvwFQgoSVesdtU_atwMGA/156937/dejawebsite-1293.jpg]
[static.showit.co/1600/I2zKCFLbSwaF4yxQ8pEbZQ/156937/fullres-dejariley-0013_1.jpg]
[static.showit.co/1600/ON9iQu8DQzG4Z2AUSS6v6A/156937/fullres-dejariley-0272.jpg]
[static.showit.co/1600/nYKhBgbJSsGoNnPPFDtlww/156937/2021_bts_mirror_deja_tc_5004547_r.jpg]
[static.showit.co/1600/v4C6hck6SMerpi-1iyS3wQ/156937/fullres-dejariley-0584.jpg]
[static.showit.co/800/L_ZVoh0TSMitQMq53mpZCQ/156937/laptop.png]
[static.showit.co/1600/lxEiaTiQSamiucQdLGyFeA/156937/teal_pattern.png]
[static.showit.co/800/BBHTiDUxSQmoWxEhj3PU2w/156937/shadow.png]
[static.showit.co/800/KyHn8F4VT_aB-9FOgY3gIA/156937/self_article.png]
[static.showit.co/800/u_wFxH4qTJ-3JMaNVpOC-g/156937/yahoo_sports_article.png]
[static.showit.co/800/hIrpATVLRtaPJdJ9QW8PcQ/156937/essence_article.png]
[static.showit.co/800/Y_gX0zeYSLqtm2wKPquUPg/156937/forbes_article.png]
[static.showit.co/800/BPUCWOTETOaTJ9u-haS4pQ/156937/the_grio_article.png]
[static.showit.co/800/D4OCFQuWRP6FHcj4spmLYQ/156937/her_agenda_article.png]
[static.showit.co/800/JRAVQ4aUQdS2PEFFNbIXug/156937/pop_sugar_article.png]
[static.showit.co/800/Z9Ya7WWFS7ymonEzd-cAcg/156937/22chargefeel_train_mypair_mid_highyell_boxing_00278_r.jpg]
[static.showit.co/400/Pw_JKzwuS92TCNKVvq52QA/156937/white.png]
[dejariley.com/press.html]
[static.showit.co/1600/ZM3-Pof1Smiq1MJUnQvywg/156937/pattern.png]
[static.showit.co/800/U7z5AQpNQ92fK0uMDxWNqw/156937/deja_jump.png]
[static.showit.co/800/LghMvHHgQkulpcEaSBZhTg/156937/22chargefeel_train_mypair_mid_highyell_boxing_00402_r.jpg]
[dejariley.com/do-it-with-deja.html]
[static.showit.co/800/WVES4mnnTDeQqPhJtDlbRQ/156937/light_blue_pattern.png]
[static.showit.co/800/Kfj9PtlvTliAopHyTKcAgQ/156937/dejawebsite-1238.jpg]
[static.showit.co/800/f7gxwlg6ToObB-yVQATxtQ/156937/dejawebsite-0371.jpg]
[dejariley.com/sign-up.html]
[dejariley.com/about.html]
[dejariley.com/do-it-like-deja.html]
[dejariley.com/sign-up.html]
